============================= test session starts =============================
platform win32 -- Python 3.11.9, pytest-9.0.1, pluggy-1.6.0
rootdir: C:\Users\pimbo\audio dos tigre\Audio---transcribe-
plugins: anyio-4.12.0
collected 0 items / 1 error

=================================== ERRORS ====================================
_______________ ERROR collecting tests/test_whisper_property.py _______________
ImportError while importing test module 'C:\Users\pimbo\audio dos tigre\Audio---transcribe-\tests\test_whisper_property.py'.
Hint: make sure your test modules/packages have valid Python names.
Traceback:
..\..\AppData\Local\Programs\Python\Python311\Lib\importlib\__init__.py:126: in import_module
    return _bootstrap._gcd_import(name[level:], package, level)
           ^^^^^^^^^^^^^^^^^^^^^^^^^^^^^^^^^^^^^^^^^^^^^^^^^^^^
tests\test_whisper_property.py:1: in <module>
    from hypothesis import given, strategies as st
E   ModuleNotFoundError: No module named 'hypothesis'
=========================== short test summary info ===========================
ERROR tests/test_whisper_property.py
!!!!!!!!!!!!!!!!!!! Interrupted: 1 error during collection !!!!!!!!!!!!!!!!!!!!
============================== 1 error in 0.32s ===============================
